{
    
  "metadata": 
  {
        
    "owner":  "Ackara",
        
    "projectUrl":  ""
  
    },
    
  "nested": 
  {
        
    "semver": 
    {
            
      "version": 
      {
                
        "major":  4,
                
        "minor":  0,
                
        "patch":  8,
                
        "suffix":  "-alpha"
      
            },
            
      "branchSuffixMap": 
      {
                
        "master":  "",
                
        "*":  "alpha"
      
            },
            
      "shouldCommitChanges":  true,
            
      "shouldTagCommit":  false,
            
      "shouldAddAllUnstagedFilesWhenCommitting":  false
    
        }
  
    }

}