{
  "version": {
    "major": 0,
    "minor": 0,
    "patch": 0,
    "suffix": ""
  },
  "stage_all_files": false,
  "commit_changes": true,
  "tag_commit": true,
  "branch_to_suffix": {
    "master": "",
    "*": "alpha"
  }
}