{
    "Path":  "C:\\Users\\Ackeem\\Projects\\Buildbox\\TestResults\\Get-BuildboxManifest.tests\\TestData\\manifest.json",
    "Id":  "Acklann.Buildbox",
    "Version":  {
                    "Major":  1,
                    "Minor":  2,
                    "Patch":  3,
                    "Suffix":  ""
                },
    "ProductName":  "",
    "Description":  "This is a informative description.",
    "Authors":  "",
    "Tags":  "build, deploy",
    "Owner":  "Ackara",
    "Copyright":  "All rights reserved.",
    "IconUri":  "https://example.com/icon/buildbox.png",
    "LicenseUri":  "https://example.com/buildbox/license.txt",
    "ProjectUrl":  "https://example.com/project/buildbox",
    "RepositoryUrl":  "",
    "ReleaseNotes":  "",
    "BranchSuffixMap":  {
                            "*":  "alpha",
                            "dev":  "preview",
                            "master":  ""
                        }
}
