tags=build, deploy;owners=Ackara;authors=Ackara;iconUrl=https://example.com/icon/buildbox.png;title=Buildbox;copyright=All rights reserved.;projectUrl=https://example.com/project/buildbox;licenseUrl=https://example.com/buildbox/license.txt;description=This is a informative description.;releaseNotes=;version=1.2.3;suffix=-alpha;
