{
    "id":  "This field was modified",
    "productName":  "Buildbox",
    "authors":  "Ackara",
    "owner":  "Ackara",
    "copyright":  "All rights reserved.",
    "projectUrl":  "https://example.com/project/buildbox",
    "iconUri":  "https://example.com/icon/buildbox.png",
    "licenseUri":  "https://example.com/buildbox/license.txt",
    "tags":  "build, deploy",
    "releaseNotes":  "some notes",
    "repositoryUrl":  "https://github.com/Ackara",
    "version":  {
                    "Major":  1,
                    "Minor":  2,
                    "Patch":  3,
                    "Suffix":  ""
                },
    "branchSuffixMap":  {
                            "*":  "alpha",
                            "dev":  "preview",
                            "master":  ""
                        },
    "feeds":  {
                  "nuget":  "nuget url here",
                  "vsts":  "vsts url here"
              }
}
