{
    "Id":  "CompanyName.ProductName",
    "Version":  {
                    "Major":  0,
                    "Minor":  0,
                    "Patch":  1
                },
    "ProductName":  "Your Product Name",
    "Description":  "A useful description.",
    "Authors":  "Ackeem",
    "Tags":  "tag1 tag2",
    "Owner":  "Ackeem",
    "Copyright":  "All Rights Reserved.",
    "IconUri":  null,
    "LicenseUri":  null,
    "ProjectUrl":  null,
    "RepositoryUrl":  null,
    "ReleaseNotes":  null,
    "BranchSuffixMap":  {
                            "*":  "beta",
                            "master":  ""
                        }
}
