{
    "id":  "Acklann.Buildbox",
    "productName":  "Buildbox",
    "description":  "This is a informative description.",
    "authors":  "Ackara",
    "owner":  "Ackara",
    "copyright":  "All rights reserved.",
    "projectUrl":  "https://example.com/project/buildbox",
    "iconUri":  "https://example.com/icon/buildbox.png",
    "licenseUri":  "https://example.com/buildbox/license.txt",
    "tags":  "build, deploy",
    "releaseNotes":  "some notes",
    "version":  {
                    "Major":  1,
                    "Minor":  3,
                    "Patch":  0
                },
    "branchSuffixMap":  {
                            "*":  "alpha",
                            "dev":  "preview",
                            "master":  ""
                        }
}
