{
    "version":  "1.2.3",
    "name":  "Automated Testing",
    "private":  false,
    "dependencies":  {
                         "@types/knockout":  "3.4.47",
                         "knockout":  "3.4.2"
                     },
    "author":  "Ackara \u0026 Contributors",
    "repository":  {
                       "type":  "git",
                       "url":  "https://github.com/Ackara/Ncrement.git"
                   },
    "description":  "A collection of powershell scripts and modules designed for continuous builds and deployments.",
    "homepage":  "https://github.com/Ackara/Ncrement",
    "keywords":  [
                     "build",
                     "automation",
                     "continous",
                     "deployment",
                     "vsts"
                 ]
}
