
NAME
    Save-NcrementManifest
    
SYNOPSIS
    Serializes the [Manifest] object to a file, overwriting an existing file, if it exists.
    
    
SYNTAX
    Save-NcrementManifest -Manifest <Object> [[-Path] <String>] [<CommonParameters>]
    
    
DESCRIPTION
    This function serializes a [Manifest] object to the given path. If no path is specified the funtion will save the object as 'manifest.json' in the current directory; Passing a path to a directory 
    will also invoke the same behavior.
    

PARAMETERS
    -Manifest <Object>
        The [Manifest] object.
        
        Required?                    true
        Position?                    named
        Default value                
        Accept pipeline input?       true (ByValue)
        Accept wildcard characters?  false
        
    -Path <String>
        The file path.
        
        Required?                    false
        Position?                    1
        Default value                
        Accept pipeline input?       false
        Accept wildcard characters?  false
        
    <CommonParameters>
        This cmdlet supports the common parameters: Verbose, Debug,
        ErrorAction, ErrorVariable, WarningAction, WarningVariable,
        OutBuffer, PipelineVariable, and OutVariable. For more information, see 
        about_CommonParameters (https:/go.microsoft.com/fwlink/?LinkID=113216). 
    
INPUTS
    [Manifest]
    
    
OUTPUTS
    
    -------------------------- EXAMPLE 1 --------------------------
    
    PS C:\>$savedPath = New-NcrementManifest | Save-NcrementManifest;
    
    This example serializes the [Manifest] object at the current location.
    
    
    
    
    -------------------------- EXAMPLE 2 --------------------------
    
    PS C:\>$savedPath = Save-NcrementManifest "C:\projects\myapp\manifest.json $manifest;
    
    This example serializes the [Manifest] object at the specified location.
    
    
    
    
    
RELATED LINKS
    New-NcrementManifest 
    Get-NcrementManifest 



