
NAME
    Update-AllProjectManifests
    
SYNOPSIS
    Updates all project/manifest files within the specified directory.
    
    
SYNTAX
    Update-AllProjectManifests [-Manifest] <Object> [[-Path] <String>] [-CommitMessage 
    <String>] [-CommitChanges] [-TagCommit] [-WhatIf] [-Confirm] [<CommonParameters>]
    
    
DESCRIPTION
    This cmdlet will update all project/manifest files within the specified directory using 
    the provided [Manifest] object. When the -CommitChanges flag is present, all files 
    modified by this cmdlet will be committed to GIT. Aslo when both the -TagCommit flag and 
    -CommitChanges flag is present this cmdlet will tag the commit with the [Manifest] version 
    number. Use the -Major and -Minor flags to increment the manifest version number.
    
    The cmdlet returns a [PSCustomObject] containing a list of the files it modified and the 
    [Manifest] object.
    

PARAMETERS
    -Manifest <Object>
        A [Manifest] object.
        
        Required?                    true
        Position?                    2
        Default value                
        Accept pipeline input?       true (ByValue)
        Accept wildcard characters?  false
        
    -Path <String>
        The root directory of your project(s).
        
        Required?                    false
        Position?                    1
        Default value                
        Accept pipeline input?       false
        Accept wildcard characters?  false
        
    -CommitMessage <String>
        The message to use when the -CommitChanges flag is present.
        
        Required?                    false
        Position?                    named
        Default value                
        Accept pipeline input?       false
        Accept wildcard characters?  false
        
    -CommitChanges [<SwitchParameter>]
        Determines whether to commit the modified file to source control (using Git).
        
        Required?                    false
        Position?                    named
        Default value                False
        Accept pipeline input?       false
        Accept wildcard characters?  false
        
    -TagCommit [<SwitchParameter>]
        Determines whether the Git commit should be tagged with the current version number.
        
        Required?                    false
        Position?                    named
        Default value                False
        Accept pipeline input?       false
        Accept wildcard characters?  false
        
    -WhatIf [<SwitchParameter>]
        
        Required?                    false
        Position?                    named
        Default value                
        Accept pipeline input?       false
        Accept wildcard characters?  false
        
    -Confirm [<SwitchParameter>]
        
        Required?                    false
        Position?                    named
        Default value                
        Accept pipeline input?       false
        Accept wildcard characters?  false
        
    <CommonParameters>
        This cmdlet supports the common parameters: Verbose, Debug,
        ErrorAction, ErrorVariable, WarningAction, WarningVariable,
        OutBuffer, PipelineVariable, and OutVariable. For more information, see 
        about_CommonParameters (https:/go.microsoft.com/fwlink/?LinkID=113216). 
    
INPUTS
    
OUTPUTS
    [System.Management.Automation.PSCustomObject]
    
    
    -------------------------- EXAMPLE 1 --------------------------
    
    PS C:\>"C:\manifest.json" | Get-NcrementManifest | Update-AllProjectManifests 
    "C:\projects\new_idea" -Minor;
    
    This example increments the project's version number.
    
    
    
    
    -------------------------- EXAMPLE 2 --------------------------
    
    PS C:\>"C:\manifest.json" | Get-NcrementManifest | Update-AllProjectManifests 
    "C:\projects\new_idea" -Major -Commit -Tag;
    
    This example increments the project's version number and commits the changes to source 
    control.
    
    
    
    
    
RELATED LINKS
    Get-NcrementManifest 
    Save-NcrementManifest 





