<?xml version="1.0" encoding="utf-8"?>
<PackageManifest Version="2.0.0" xmlns="http://schemas.microsoft.com/developer/vsx-schema/2011" xmlns:d="http://schemas.microsoft.com/developer/vsx-schema-design/2011">
  <Metadata>
    <Identity Id="Optimus.VSIX.411f03e3-dac2-4bcb-91ea-7e2cc488bfa6" Version="1.2.3" Language="en-US" Publisher="Kiaba Corp" />
    <DisplayName>Buildbox</DisplayName>
    <Description>This is for a automated test</Description>
  <License>https://example.com/buildbox/license.txt</License><Icon>https://example.com/icon/buildbox.png</Icon><Tags>powershell, deploy, ci</Tags></Metadata>
  <Installation>
    <InstallationTarget Id="Microsoft.VisualStudio.Community" Version="[15.0]" />
  </Installation>
  <Dependencies>
    <Dependency Id="Microsoft.Framework.NDP" DisplayName="Microsoft .NET Framework" d:Source="Manual" Version="[4.5,)" />
  </Dependencies>
  <Prerequisites>
    <Prerequisite Id="Microsoft.VisualStudio.Component.CoreEditor" Version="[15.0,16.0)" DisplayName="Visual Studio core editor" />
  </Prerequisites>
</PackageManifest>