{
    "version":  {
                    "major":  1,
                    "minor":  3,
                    "patch":  0
                },
    "description":  "A collection of powershell scripts and modules designed for continuous builds and deployments.",
    "author":  "Ackara \u0026 Contributors",
    "company":  "Acklann",
    "website":  "https://github.com/Ackara/Ncrement",
    "repositoryUrl":  "https://github.com/Ackara/Ncrement.git",
    "license":  "https://github.com/Ackara/Ncrement/blob/master/LICENSE",
    "icon":  "https://raw.githubusercontent.com/Ackara/Ncrement/master/assets/icon.png",
    "copyright":  "Released under the MIT license.",
    "tags":  "build automation continous deployment vsts",
    "releaseNotes":  "https://github.com/Ackara/Ncrement/blob/master/releaseNotes.txt",
    "branchSuffixMap":  {
                            "master":  "",
                            "*":  "rc"
                        }
}
