<?xml version="1.0" encoding="utf-8"?>
<Project Sdk="Microsoft.NET.Sdk">
  <PropertyGroup>
    <TargetFramework>netstandard1.4</TargetFramework>
    <Version>1.2.3</Version>
    <FileVersion>1.2.3</FileVersion>
    <AssemblyVersion>1.2.3</AssemblyVersion>
  </PropertyGroup>
</Project>